#
# There is insufficient memory for the Java Runtime Environment to continue.
# Native memory allocation (malloc) failed to allocate 1397104 bytes. Error detail: Chunk::new
# Possible reasons:
#   The system is out of physical RAM or swap space
#   This process is running with CompressedOops enabled, and the Java Heap may be blocking the growth of the native heap
# Possible solutions:
#   Reduce memory load on the system
#   Increase physical memory or swap space
#   Check if swap backing store is full
#   Decrease Java heap size (-Xmx/-Xms)
#   Decrease number of Java threads
#   Decrease Java thread stack sizes (-Xss)
#   Set larger code cache with -XX:ReservedCodeCacheSize=
#   JVM is running with Zero Based Compressed Oops mode in which the Java heap is
#     placed in the first 32GB address space. The Java Heap base address is the
#     maximum limit for the native heap growth. Please use -XX:HeapBaseMinAddress
#     to set the Java Heap base and to place the Java Heap above 32GB virtual address.
# This output file may be truncated or incomplete.
#
#  Out of Memory Error (arena.cpp:149), pid=17960, tid=27300
#
# JRE version: OpenJDK Runtime Environment (23.0.1+11) (build 23.0.1+11-39)
# Java VM: OpenJDK 64-Bit Server VM (23.0.1+11-39, mixed mode, sharing, tiered, compressed oops, compressed class ptrs, g1 gc, windows-amd64)
# No core dump will be written. Minidumps are not enabled by default on client versions of Windows
#

---------------  S U M M A R Y ------------

Command Line: --enable-preview -javaagent:C:\Program Files\JetBrains\IntelliJ IDEA 2024.2.1\lib\idea_rt.jar=58130:C:\Program Files\JetBrains\IntelliJ IDEA 2024.2.1\bin -Dfile.encoding=UTF-8 -Dsun.stdout.encoding=UTF-8 -Dsun.stderr.encoding=UTF-8 --module-path=C:\Users\Admin\.m2\repository\net\synedra\validatorfx\0.5.0\validatorfx-0.5.0.jar;C:\Users\Admin\.m2\repository\org\mariadb\jdbc\mariadb-java-client\3.2.0\mariadb-java-client-3.2.0.jar;C:\Users\Admin\.m2\repository\com\gluonhq\attach\audio\4.0.17\audio-4.0.17.jar;C:\Users\Admin\.m2\repository\net\java\dev\jna\jna-platform\5.12.1\jna-platform-5.12.1.jar;C:\Users\Admin\.m2\repository\org\openjfx\javafx-media\23\javafx-media-23-win.jar;C:\Users\Admin\.m2\repository\org\openjfx\javafx-fxml\23\javafx-fxml-23-win.jar;C:\Users\Admin\.m2\repository\org\kordamp\ikonli\ikonli-javafx\12.3.1\ikonli-javafx-12.3.1.jar;C:\Users\Admin\.m2\repository\com\gluonhq\attach\util\4.0.17\util-4.0.17.jar;C:\Users\Admin\.m2\repository\org\openjfx\javafx-base\23\javafx-base-23-win.jar;C:\Users\Admin\.m2\repository\eu\hansolo\fx\countries\21.0.17\countries-21.0.17.jar;C:\Users\Admin\.m2\repository\org\jetbrains\kotlin\kotlin-stdlib\1.8.10\kotlin-stdlib-1.8.10.jar;C:\Users\Admin\.m2\repository\com\gluonhq\attach\lifecycle\4.0.17\lifecycle-4.0.17.jar;C:\Users\Admin\.m2\repository\com\google\code\gson\gson\2.10\gson-2.10.jar;C:\Users\Admin\.m2\repository\org\openjfx\javafx-graphics\23\javafx-graphics-23-win.jar;C:\Users\Admin\.m2\repository\org\openjfx\javafx-controls\23\javafx-controls-23-win.jar;C:\Users\Admin\.m2\repository\org\slf4j\slf4j-api\1.7.36\slf4j-api-1.7.36.jar;C:\Users\Admin\.m2\repository\org\kordamp\ikonli\ikonli-fontawesome-pack\12.3.1\ikonli-fontawesome-pack-12.3.1.jar;C:\Users\Admin\.m2\repository\com\github\almasb\fxgl-io\17.3\fxgl-io-17.3.jar;D:\JAVA\Studify_FrontEnd\Studify_FE\target\classes;C:\Users\Admin\.m2\repository\org\openjfx\javafx-web\23\javafx-web-23-win.jar;C:\Users\Admin\.m2\repository\com\github\almasb\fxgl-core\17.3\fxgl-core-17.3.jar;C:\Users\Admin\.m2\repository\org\openjfx\javafx-swing\23\javafx-swing-23-win.jar;C:\Users\Admin\.m2\repository\eu\hansolo\fx\heatmap\21.0.5\heatmap-21.0.5.jar;C:\Users\Admin\.m2\repository\org\kordamp\ikonli\ikonli-Djdk.module.main=controller.libraryapp controller.libraryapp/MainWeb.Main

Host: AMD Ryzen 7 6800HS Creator Edition, 16 cores, 13G,  Windows 11 , 64 bit Build 26100 (10.0.26100.3775)
Time: Wed Apr 16 15:56:29 2025 SE Asia Standard Time elapsed time: 50.269871 seconds (0d 0h 0m 50s)

---------------  T H R E A D  ---------------

Current thread (0x000002722b290be0):  JavaThread "C2 CompilerThread0" daemon [_thread_in_native, id=27300, stack(0x0000009d08900000,0x0000009d08a00000) (1024K)]


Current CompileTask:
C2:50270 6823  s!   4       com.sun.scenario.effect.impl.ImagePool::checkOut (447 bytes)

Stack: [0x0000009d08900000,0x0000009d08a00000]
Native frames: (J=compiled Java code, j=interpreted, Vv=VM code, C=native code)
V  [jvm.dll+0x6e08b9]  (no source info available)
V  [jvm.dll+0x87dc83]  (no source info available)
V  [jvm.dll+0x88010e]  (no source info available)
V  [jvm.dll+0x8807e3]  (no source info available)
V  [jvm.dll+0x27aee6]  (no source info available)
V  [jvm.dll+0xbc06f]  (no source info available)
V  [jvm.dll+0xbc2cb]  (no source info available)
V  [jvm.dll+0x3b3a9c]  (no source info available)
V  [jvm.dll+0x38a42b]  (no source info available)
V  [jvm.dll+0x38989a]  (no source info available)
V  [jvm.dll+0x244aa1]  (no source info available)
V  [jvm.dll+0x243dff]  (no source info available)
V  [jvm.dll+0x1c33a0]  (no source info available)
V  [jvm.dll+0x253cf1]  (no source info available)
V  [jvm.dll+0x251faa]  (no source info available)
V  [jvm.dll+0x3ee036]  (no source info available)
V  [jvm.dll+0x824f8b]  (no source info available)
V  [jvm.dll+0x6df065]  (no source info available)
C  [ucrtbase.dll+0x37b0]  (no source info available)
C  [KERNEL32.DLL+0x2e8d7]  (no source info available)
C  [ntdll.dll+0xb14fc]  (no source info available)

Lock stack of current Java thread (top to bottom):


---------------  P R O C E S S  ---------------

Threads class SMR info:
_java_thread_list=0x0000027271d8d0c0, length=19, elements={
0x000002720994a9e0, 0x000002722b2750e0, 0x000002722b2768b0, 0x000002722b2789c0,
0x000002722b27b430, 0x000002722b27ea10, 0x000002722b288c90, 0x000002722b290be0,
0x000002722b294470, 0x000002722b3f9ac0, 0x000002722b3f8710, 0x000002722b3f8da0,
0x000002722b3fa150, 0x000002722b3f9430, 0x000002722b3f6cd0, 0x000002722b3f7360,
0x000002722b3f79f0, 0x00000272031196e0, 0x00000272031189c0
}

Java Threads: ( => current thread )
  0x000002720994a9e0 JavaThread "main"                              [_thread_blocked, id=32684, stack(0x0000009d07b00000,0x0000009d07c00000) (1024K)]
  0x000002722b2750e0 JavaThread "Reference Handler"          daemon [_thread_blocked, id=3004, stack(0x0000009d08300000,0x0000009d08400000) (1024K)]
  0x000002722b2768b0 JavaThread "Finalizer"                  daemon [_thread_blocked, id=5216, stack(0x0000009d08400000,0x0000009d08500000) (1024K)]
  0x000002722b2789c0 JavaThread "Signal Dispatcher"          daemon [_thread_blocked, id=18488, stack(0x0000009d08500000,0x0000009d08600000) (1024K)]
  0x000002722b27b430 JavaThread "Attach Listener"            daemon [_thread_blocked, id=28244, stack(0x0000009d08600000,0x0000009d08700000) (1024K)]
  0x000002722b27ea10 JavaThread "Service Thread"             daemon [_thread_blocked, id=14020, stack(0x0000009d08700000,0x0000009d08800000) (1024K)]
  0x000002722b288c90 JavaThread "Monitor Deflation Thread"   daemon [_thread_blocked, id=33248, stack(0x0000009d08800000,0x0000009d08900000) (1024K)]
=>0x000002722b290be0 JavaThread "C2 CompilerThread0"         daemon [_thread_in_native, id=27300, stack(0x0000009d08900000,0x0000009d08a00000) (1024K)]
  0x000002722b294470 JavaThread "C1 CompilerThread0"         daemon [_thread_blocked, id=8624, stack(0x0000009d08a00000,0x0000009d08b00000) (1024K)]
  0x000002722b3f9ac0 JavaThread "Common-Cleaner"             daemon [_thread_blocked, id=27548, stack(0x0000009d08c00000,0x0000009d08d00000) (1024K)]
  0x000002722b3f8710 JavaThread "Monitor Ctrl-Break"         daemon [_thread_in_native, id=31404, stack(0x0000009d09300000,0x0000009d09400000) (1024K)]
  0x000002722b3f8da0 JavaThread "Notification Thread"        daemon [_thread_blocked, id=28948, stack(0x0000009d09400000,0x0000009d09500000) (1024K)]
  0x000002722b3fa150 JavaThread "QuantumRenderer-0"          daemon [_thread_blocked, id=22496, stack(0x0000009d09800000,0x0000009d09900000) (1024K)]
  0x000002722b3f9430 JavaThread "InvokeLaterDispatcher"      daemon [_thread_in_native, id=9608, stack(0x0000009d08f00000,0x0000009d09000000) (1024K)]
  0x000002722b3f6cd0 JavaThread "JavaFX Application Thread"         [_thread_in_native, id=30424, stack(0x0000009d09000000,0x0000009d09100000) (1024K)]
  0x000002722b3f7360 JavaThread "Thread-1"                   daemon [_thread_in_native, id=30472, stack(0x0000009d0a800000,0x0000009d0a900000) (1024K)]
  0x000002722b3f79f0 JavaThread "JavaFX-Launcher"                   [_thread_blocked, id=29332, stack(0x0000009d0a900000,0x0000009d0aa00000) (1024K)]
  0x00000272031196e0 JavaThread "Prism Font Disposer"        daemon [_thread_blocked, id=19692, stack(0x0000009d0ab00000,0x0000009d0ac00000) (1024K)]
  0x00000272031189c0 JavaThread "Cleaner-0"                  daemon [_thread_blocked, id=20864, stack(0x0000009d0b400000,0x0000009d0b500000) (1024K)]
Total: 19

Other Threads:
  0x000002722b25db00 VMThread "VM Thread"                           [id=25828, stack(0x0000009d08200000,0x0000009d08300000) (1024K)]
  0x000002722b24a8b0 WatcherThread "VM Periodic Task Thread"        [id=10480, stack(0x0000009d08100000,0x0000009d08200000) (1024K)]
  0x0000027209a0eb80 WorkerThread "GC Thread#0"                     [id=12692, stack(0x0000009d07c00000,0x0000009d07d00000) (1024K)]
  0x000002722be6bc90 WorkerThread "GC Thread#1"                     [id=29408, stack(0x0000009d09200000,0x0000009d09300000) (1024K)]
  0x000002722b4fc3f0 WorkerThread "GC Thread#2"                     [id=24300, stack(0x0000009d09500000,0x0000009d09600000) (1024K)]
  0x000002722beae020 WorkerThread "GC Thread#3"                     [id=19656, stack(0x0000009d09600000,0x0000009d09700000) (1024K)]
  0x000002722beae3d0 WorkerThread "GC Thread#4"                     [id=33692, stack(0x0000009d09700000,0x0000009d09800000) (1024K)]
  0x0000027271d86240 WorkerThread "GC Thread#5"                     [id=34716, stack(0x0000009d0ae00000,0x0000009d0af00000) (1024K)]
  0x0000027271d874b0 WorkerThread "GC Thread#6"                     [id=28932, stack(0x0000009d0af00000,0x0000009d0b000000) (1024K)]
  0x0000027271d865f0 WorkerThread "GC Thread#7"                     [id=10060, stack(0x0000009d0b000000,0x0000009d0b100000) (1024K)]
  0x0000027271b579b0 WorkerThread "GC Thread#8"                     [id=13564, stack(0x0000009d0b500000,0x0000009d0b600000) (1024K)]
  0x0000027271b55120 WorkerThread "GC Thread#9"                     [id=27808, stack(0x0000009d0b600000,0x0000009d0b700000) (1024K)]
  0x0000027271b54d70 WorkerThread "GC Thread#10"                    [id=2876, stack(0x0000009d0b700000,0x0000009d0b800000) (1024K)]
  0x0000027271b53eb0 WorkerThread "GC Thread#11"                    [id=19452, stack(0x0000009d0b800000,0x0000009d0b900000) (1024K)]
  0x0000027271b56af0 WorkerThread "GC Thread#12"                    [id=23500, stack(0x0000009d0b900000,0x0000009d0ba00000) (1024K)]
  0x000002720bd560e0 ConcurrentGCThread "G1 Main Marker"            [id=18740, stack(0x0000009d07d00000,0x0000009d07e00000) (1024K)]
  0x000002720bd56bf0 WorkerThread "G1 Conc#0"                       [id=33296, stack(0x0000009d07e00000,0x0000009d07f00000) (1024K)]
  0x0000027271b56740 WorkerThread "G1 Conc#1"                       [id=28924, stack(0x0000009d0bd00000,0x0000009d0be00000) (1024K)]
  0x000002722bc24bd0 WorkerThread "G1 Conc#2"                       [id=17532, stack(0x0000009d0be00000,0x0000009d0bf00000) (1024K)]
  0x000002722b118680 ConcurrentGCThread "G1 Refine#0"               [id=29828, stack(0x0000009d07f00000,0x0000009d08000000) (1024K)]
  0x000002722b119010 ConcurrentGCThread "G1 Service"                [id=25100, stack(0x0000009d08000000,0x0000009d08100000) (1024K)]
Total: 21

Threads with active compile tasks:
C2 CompilerThread0  50375 6823  s!   4       com.sun.scenario.effect.impl.ImagePool::checkOut (447 bytes)
Total: 1

VM state: not at safepoint (normal execution)

VM Mutex/Monitor currently owned by a thread: None

Heap address: 0x0000000724e00000, size: 3506 MB, Compressed Oops mode: Zero based, Oop shift amount: 3

CDS archive(s) mapped at: [0x000002722c000000-0x000002722cd70000-0x000002722cd70000), size 14090240, SharedBaseAddress: 0x000002722c000000, ArchiveRelocationMode: 1.
Compressed class space mapped at: 0x000002722d000000-0x000002726d000000, reserved size: 1073741824
Narrow klass base: 0x000002722c000000, Narrow klass shift: 0, Narrow klass range: 0x41000000

GC Precious Log:
 CardTable entry size: 512
 Card Set container configuration: InlinePtr #cards 4 size 8 Array Of Cards #cards 16 size 48 Howl #buckets 8 coarsen threshold 3686 Howl Bitmap #cards 512 size 80 coarsen threshold 460 Card regions per heap region 1 cards per card region 4096
 CPUs: 16 total, 16 available
 Memory: 14020M
 Large Page Support: Disabled
 NUMA Support: Disabled
 Compressed Oops: Enabled (Zero based)
 Heap Region Size: 2M
 Heap Min Capacity: 8M
 Heap Initial Capacity: 220M
 Heap Max Capacity: 3506M
 Pre-touch: Disabled
 Parallel Workers: 13
 Concurrent Workers: 3
 Concurrent Refinement Workers: 13
 Periodic GC: Disabled

Heap:
 garbage-first heap   total reserved 3590144K, committed 83968K, used 36813K [0x0000000724e00000, 0x0000000800000000)
  region size 2048K, 6 young (12288K), 3 survivors (6144K)
 Metaspace       used 22591K, committed 22976K, reserved 1114112K
  class space    used 3304K, committed 3456K, reserved 1048576K

Heap Regions: E=young(eden), S=young(survivor), O=old, HS=humongous(starts), HC=humongous(continues), CS=collection set, F=free, TAMS=top-at-mark-start, PB=parsable bottom
|   0|0x0000000724e00000, 0x0000000725000000, 0x0000000725000000|100%| O|  |TAMS 0x0000000724e00000| PB 0x0000000724e00000| Untracked |  0
|   1|0x0000000725000000, 0x0000000725200000, 0x0000000725200000|100%| O|  |TAMS 0x0000000725000000| PB 0x0000000725000000| Untracked |  0
|   2|0x0000000725200000, 0x0000000725200000, 0x0000000725400000|  0%| F|  |TAMS 0x0000000725200000| PB 0x0000000725200000| Untracked |  0
|   3|0x0000000725400000, 0x0000000725600000, 0x0000000725600000|100%|HS|  |TAMS 0x0000000725400000| PB 0x0000000725400000| Complete |  0
|   4|0x0000000725600000, 0x0000000725600000, 0x0000000725800000|  0%| F|  |TAMS 0x0000000725600000| PB 0x0000000725600000| Untracked |  0
|   5|0x0000000725800000, 0x0000000725800000, 0x0000000725a00000|  0%| F|  |TAMS 0x0000000725800000| PB 0x0000000725800000| Untracked |  0
|   6|0x0000000725a00000, 0x0000000725c00000, 0x0000000725c00000|100%| O|Cm|TAMS 0x0000000725a00000| PB 0x0000000725a00000| Complete |  0
|   7|0x0000000725c00000, 0x0000000725c00000, 0x0000000725e00000|  0%| F|  |TAMS 0x0000000725c00000| PB 0x0000000725c00000| Untracked |  0
|   8|0x0000000725e00000, 0x0000000725e00000, 0x0000000726000000|  0%| F|  |TAMS 0x0000000725e00000| PB 0x0000000725e00000| Untracked |  0
|   9|0x0000000726000000, 0x0000000726200000, 0x0000000726200000|100%| O|  |TAMS 0x0000000726000000| PB 0x0000000726000000| Untracked |  0
|  10|0x0000000726200000, 0x0000000726400000, 0x0000000726400000|100%| O|  |TAMS 0x0000000726200000| PB 0x0000000726200000| Untracked |  0
|  11|0x0000000726400000, 0x0000000726600000, 0x0000000726600000|100%| O|  |TAMS 0x0000000726400000| PB 0x0000000726400000| Untracked |  0
|  12|0x0000000726600000, 0x0000000726800000, 0x0000000726800000|100%| O|  |TAMS 0x0000000726600000| PB 0x0000000726600000| Untracked |  0
|  13|0x0000000726800000, 0x0000000726829ee0, 0x0000000726a00000|  8%| O|  |TAMS 0x0000000726800000| PB 0x0000000726800000| Untracked |  0
|  14|0x0000000726a00000, 0x0000000726c00000, 0x0000000726c00000|100%|HS|  |TAMS 0x0000000726a00000| PB 0x0000000726a00000| Complete |  0
|  15|0x0000000726c00000, 0x0000000726e00000, 0x0000000726e00000|100%|HC|  |TAMS 0x0000000726c00000| PB 0x0000000726c00000| Complete |  0
|  16|0x0000000726e00000, 0x0000000727000000, 0x0000000727000000|100%|HC|  |TAMS 0x0000000726e00000| PB 0x0000000726e00000| Complete |  0
|  17|0x0000000727000000, 0x0000000727200000, 0x0000000727200000|100%|HC|  |TAMS 0x0000000727000000| PB 0x0000000727000000| Complete |  0
|  18|0x0000000727200000, 0x0000000727200000, 0x0000000727400000|  0%| F|  |TAMS 0x0000000727200000| PB 0x0000000727200000| Untracked |  0
|  19|0x0000000727400000, 0x0000000727400000, 0x0000000727600000|  0%| F|  |TAMS 0x0000000727400000| PB 0x0000000727400000| Untracked |  0
|  20|0x0000000727600000, 0x0000000727600000, 0x0000000727800000|  0%| F|  |TAMS 0x0000000727600000| PB 0x0000000727600000| Untracked |  0
|  21|0x0000000727800000, 0x0000000727800000, 0x0000000727a00000|  0%| F|  |TAMS 0x0000000727800000| PB 0x0000000727800000| Untracked |  0
|  22|0x0000000727a00000, 0x0000000727a00000, 0x0000000727c00000|  0%| F|  |TAMS 0x0000000727a00000| PB 0x0000000727a00000| Untracked |  0
|  23|0x0000000727c00000, 0x0000000727c00000, 0x0000000727e00000|  0%| F|  |TAMS 0x0000000727c00000| PB 0x0000000727c00000| Untracked |  0
|  24|0x0000000727e00000, 0x0000000727e00000, 0x0000000728000000|  0%| F|  |TAMS 0x0000000727e00000| PB 0x0000000727e00000| Untracked |  0
|  25|0x0000000728000000, 0x0000000728000000, 0x0000000728200000|  0%| F|  |TAMS 0x0000000728000000| PB 0x0000000728000000| Untracked |  0
|  26|0x0000000728200000, 0x0000000728200000, 0x0000000728400000|  0%| F|  |TAMS 0x0000000728200000| PB 0x0000000728200000| Untracked |  0
|  27|0x0000000728400000, 0x0000000728400000, 0x0000000728600000|  0%| F|  |TAMS 0x0000000728400000| PB 0x0000000728400000| Untracked |  0
|  28|0x0000000728600000, 0x0000000728600000, 0x0000000728800000|  0%| F|  |TAMS 0x0000000728600000| PB 0x0000000728600000| Untracked |  0
|  29|0x0000000728800000, 0x0000000728800000, 0x0000000728a00000|  0%| F|  |TAMS 0x0000000728800000| PB 0x0000000728800000| Untracked |  0
|  30|0x0000000728a00000, 0x0000000728a00000, 0x0000000728c00000|  0%| F|  |TAMS 0x0000000728a00000| PB 0x0000000728a00000| Untracked |  0
|  31|0x0000000728c00000, 0x0000000728c00000, 0x0000000728e00000|  0%| F|  |TAMS 0x0000000728c00000| PB 0x0000000728c00000| Untracked |  0
|  32|0x0000000728e00000, 0x0000000728e00000, 0x0000000729000000|  0%| F|  |TAMS 0x0000000728e00000| PB 0x0000000728e00000| Untracked |  0
|  33|0x0000000729000000, 0x0000000729000000, 0x0000000729200000|  0%| F|  |TAMS 0x0000000729000000| PB 0x0000000729000000| Untracked |  0
|  34|0x0000000729200000, 0x0000000729400000, 0x0000000729400000|100%| S|CS|TAMS 0x0000000729200000| PB 0x0000000729200000| Complete |  0
|  35|0x0000000729400000, 0x0000000729600000, 0x0000000729600000|100%| S|CS|TAMS 0x0000000729400000| PB 0x0000000729400000| Complete |  0
|  36|0x0000000729600000, 0x0000000729800000, 0x0000000729800000|100%| S|CS|TAMS 0x0000000729600000| PB 0x0000000729600000| Complete |  0
|  97|0x0000000731000000, 0x0000000731200000, 0x0000000731200000|100%| E|  |TAMS 0x0000000731000000| PB 0x0000000731000000| Complete |  0
|  98|0x0000000731200000, 0x0000000731400000, 0x0000000731400000|100%| E|CS|TAMS 0x0000000731200000| PB 0x0000000731200000| Complete |  0
| 109|0x0000000732800000, 0x0000000732a00000, 0x0000000732a00000|100%| E|CS|TAMS 0x0000000732800000| PB 0x0000000732800000| Complete |  0
|1752|0x00000007ffe00000, 0x00000007fffc96c0, 0x0000000800000000| 89%| O|  |TAMS 0x00000007ffe00000| PB 0x00000007ffe00000| Untracked |  0

Card table byte_map: [0x0000027224480000,0x0000027224b60000] _byte_map_base: 0x0000027220b59000

Marking Bits: (CMBitMap*) 0x000002720bd43750
 Bits: [0x0000027224b60000, 0x0000027228228000)

Polling page: 0x0000027209b00000

Metaspace:

Usage:
  Non-class:     18.84 MB used.
      Class:      3.23 MB used.
       Both:     22.06 MB used.

Virtual space:
  Non-class space:       64.00 MB reserved,      19.06 MB ( 30%) committed,  1 nodes.
      Class space:        1.00 GB reserved,       3.38 MB ( <1%) committed,  1 nodes.
             Both:        1.06 GB reserved,      22.44 MB (  2%) committed. 

Chunk freelists:
   Non-Class:  12.29 MB
       Class:  12.52 MB
        Both:  24.80 MB

MaxMetaspaceSize: unlimited
CompressedClassSpaceSize: 1.00 GB
Initial GC threshold: 21.00 MB
Current GC threshold: 35.12 MB
CDS: on
 - commit_granule_bytes: 65536.
 - commit_granule_words: 8192.
 - virtual_space_node_default_size: 8388608.
 - enlarge_chunks_in_place: 1.
 - use_allocation_guard: 0.


Internal statistics:

num_allocs_failed_limit: 3.
num_arena_births: 468.
num_arena_deaths: 0.
num_vsnodes_births: 2.
num_vsnodes_deaths: 0.
num_space_committed: 359.
num_space_uncommitted: 0.
num_chunks_returned_to_freelist: 3.
num_chunks_taken_from_freelist: 1210.
num_chunk_merges: 0.
num_chunk_splits: 814.
num_chunks_enlarged: 580.
num_inconsistent_stats: 0.

CodeHeap 'non-profiled nmethods': size=119232Kb used=2945Kb max_used=2945Kb free=116286Kb
 bounds [0x000002721bfa0000, 0x000002721c290000, 0x0000027223410000]
CodeHeap 'profiled nmethods': size=119104Kb used=11439Kb max_used=11439Kb free=107664Kb
 bounds [0x0000027214410000, 0x0000027214f40000, 0x000002721b860000]
CodeHeap 'non-nmethods': size=7424Kb used=1846Kb max_used=3579Kb free=5577Kb
 bounds [0x000002721b860000, 0x000002721bbf0000, 0x000002721bfa0000]
CodeCache: size=245760Kb, used=16230Kb, max_used=17963Kb, free=229527Kb
 total_blobs=7695, nmethods=6822, adapters=778, full_count=0
Compilation: enabled, stopped_count=0, restarted_count=0

Compilation events (20 events):
Event: 46.390 Thread 0x000002722b294470 nmethod 6814 0x0000027214f3af88 code [0x0000027214f3b0a0, 0x0000027214f3b1b8]
Event: 46.390 Thread 0x000002722b294470 6815       1       com.sun.scenario.effect.impl.state.BoxRenderState::isShadow (5 bytes)
Event: 46.391 Thread 0x000002722b294470 nmethod 6815 0x000002721c27ea08 code [0x000002721c27eb20, 0x000002721c27ebf0]
Event: 46.465 Thread 0x000002722b294470 6816       3       javafx.scene.control.Labeled$StyleableProperties$11::getStyleableProperty (9 bytes)
Event: 46.465 Thread 0x000002722b294470 nmethod 6816 0x0000027214f3b288 code [0x0000027214f3b3c0, 0x0000027214f3b738]
Event: 46.465 Thread 0x000002722b294470 6817       3       javafx.scene.control.Labeled$StyleableProperties$11::getStyleableProperty (8 bytes)
Event: 46.465 Thread 0x000002722b294470 nmethod 6817 0x0000027214f3b788 code [0x0000027214f3b8c0, 0x0000027214f3baf0]
Event: 46.468 Thread 0x000002722b290be0 6818  s    4       com.sun.scenario.effect.impl.Renderer::getRenderer (241 bytes)
Event: 46.473 Thread 0x000002722b290be0 nmethod 6818 0x000002721c27ed08 code [0x000002721c27ee60, 0x000002721c27f738]
Event: 46.617 Thread 0x000002722b290be0 6819       4       com.sun.javafx.tk.quantum.GlassViewEventHandler::mouseEventButton (60 bytes)
Event: 46.617 Thread 0x000002722b290be0 nmethod 6819 0x000002721c27f808 code [0x000002721c27f900, 0x000002721c27f9a8]
Event: 46.617 Thread 0x000002722b290be0 6820       4       javafx.scene.Scene$ClickCounter::moved (52 bytes)
Event: 46.619 Thread 0x000002722b290be0 nmethod 6820 0x000002721c27fb08 code [0x000002721c27fc80, 0x000002721c27fec0]
Event: 46.806 Thread 0x000002722b290be0 6821       4       com.sun.javafx.event.BasicEventDispatcher::dispatchEvent (44 bytes)
Event: 46.808 Thread 0x000002722b290be0 nmethod 6821 0x000002721c27ff88 code [0x000002721c2800c0, 0x000002721c280398]
Event: 46.808 Thread 0x000002722b290be0 6822       4       com.sun.javafx.event.CompositeEventDispatcher::dispatchCapturingEvent (35 bytes)
Event: 46.810 Thread 0x000002722b290be0 nmethod 6822 0x000002721c280408 code [0x000002721c280520, 0x000002721c280650]
Event: 47.155 Thread 0x000002722b290be0 6823  s!   4       com.sun.scenario.effect.impl.ImagePool::checkOut (447 bytes)
Event: 47.324 Thread 0x000002722b294470 6825       3       com.sun.javafx.animation.TickCalculation::fromMillis (9 bytes)
Event: 48.162 Thread 0x000002722b294470 nmethod 6825 0x0000027214f3bb08 code [0x0000027214f3bc40, 0x0000027214f3bd60]

GC Heap History (10 events):
Event: 0.605 GC heap before
{Heap before GC invocations=0 (full 0):
 garbage-first heap   total reserved 3590144K, committed 225280K, used 24576K [0x0000000724e00000, 0x0000000800000000)
  region size 2048K, 12 young (24576K), 0 survivors (0K)
 Metaspace       used 2845K, committed 3008K, reserved 1114112K
  class space    used 299K, committed 384K, reserved 1048576K
}
Event: 0.608 GC heap after
{Heap after GC invocations=1 (full 0):
 garbage-first heap   total reserved 3590144K, committed 225280K, used 2713K [0x0000000724e00000, 0x0000000800000000)
  region size 2048K, 2 young (4096K), 2 survivors (4096K)
 Metaspace       used 2845K, committed 3008K, reserved 1114112K
  class space    used 299K, committed 384K, reserved 1048576K
}
Event: 1.382 GC heap before
{Heap before GC invocations=1 (full 0):
 garbage-first heap   total reserved 3590144K, committed 225280K, used 25241K [0x0000000724e00000, 0x0000000800000000)
  region size 2048K, 14 young (28672K), 2 survivors (4096K)
 Metaspace       used 6416K, committed 6656K, reserved 1114112K
  class space    used 750K, committed 896K, reserved 1048576K
}
Event: 1.387 GC heap after
{Heap after GC invocations=2 (full 0):
 garbage-first heap   total reserved 3590144K, committed 225280K, used 6434K [0x0000000724e00000, 0x0000000800000000)
  region size 2048K, 2 young (4096K), 2 survivors (4096K)
 Metaspace       used 6416K, committed 6656K, reserved 1114112K
  class space    used 750K, committed 896K, reserved 1048576K
}
Event: 3.000 GC heap before
{Heap before GC invocations=2 (full 0):
 garbage-first heap   total reserved 3590144K, committed 225280K, used 71970K [0x0000000724e00000, 0x0000000800000000)
  region size 2048K, 31 young (63488K), 2 survivors (4096K)
 Metaspace       used 18646K, committed 19008K, reserved 1114112K
  class space    used 2783K, committed 2944K, reserved 1048576K
}
Event: 3.015 GC heap after
{Heap after GC invocations=3 (full 0):
 garbage-first heap   total reserved 3590144K, committed 225280K, used 22209K [0x0000000724e00000, 0x0000000800000000)
  region size 2048K, 4 young (8192K), 4 survivors (8192K)
 Metaspace       used 18646K, committed 19008K, reserved 1114112K
  class space    used 2783K, committed 2944K, reserved 1048576K
}
Event: 6.990 GC heap before
{Heap before GC invocations=3 (full 0):
 garbage-first heap   total reserved 3590144K, committed 225280K, used 46785K [0x0000000724e00000, 0x0000000800000000)
  region size 2048K, 15 young (30720K), 4 survivors (8192K)
 Metaspace       used 21109K, committed 21504K, reserved 1114112K
  class space    used 3143K, committed 3328K, reserved 1048576K
}
Event: 6.999 GC heap after
{Heap after GC invocations=4 (full 0):
 garbage-first heap   total reserved 3590144K, committed 225280K, used 19874K [0x0000000724e00000, 0x0000000800000000)
  region size 2048K, 2 young (4096K), 2 survivors (4096K)
 Metaspace       used 21109K, committed 21504K, reserved 1114112K
  class space    used 3143K, committed 3328K, reserved 1048576K
}
Event: 26.934 GC heap before
{Heap before GC invocations=5 (full 0):
 garbage-first heap   total reserved 3590144K, committed 75776K, used 71074K [0x0000000724e00000, 0x0000000800000000)
  region size 2048K, 22 young (45056K), 2 survivors (4096K)
 Metaspace       used 22542K, committed 22912K, reserved 1114112K
  class space    used 3302K, committed 3456K, reserved 1048576K
}
Event: 26.942 GC heap after
{Heap after GC invocations=6 (full 0):
 garbage-first heap   total reserved 3590144K, committed 83968K, used 32717K [0x0000000724e00000, 0x0000000800000000)
  region size 2048K, 3 young (6144K), 3 survivors (6144K)
 Metaspace       used 22542K, committed 22912K, reserved 1114112K
  class space    used 3302K, committed 3456K, reserved 1048576K
}

Dll operation events (20 events):
Event: 0.507 Loaded shared library C:\Users\Admin\.openjfx\cache\23+29\amd64\api-ms-win-crt-locale-l1-1-0.dll
Event: 0.509 Loaded shared library C:\Users\Admin\.openjfx\cache\23+29\amd64\api-ms-win-crt-math-l1-1-0.dll
Event: 0.511 Loaded shared library C:\Users\Admin\.openjfx\cache\23+29\amd64\api-ms-win-crt-multibyte-l1-1-0.dll
Event: 0.515 Loaded shared library C:\Users\Admin\.openjfx\cache\23+29\amd64\api-ms-win-crt-private-l1-1-0.dll
Event: 0.518 Loaded shared library C:\Users\Admin\.openjfx\cache\23+29\amd64\api-ms-win-crt-process-l1-1-0.dll
Event: 0.520 Loaded shared library C:\Users\Admin\.openjfx\cache\23+29\amd64\api-ms-win-crt-runtime-l1-1-0.dll
Event: 0.523 Loaded shared library C:\Users\Admin\.openjfx\cache\23+29\amd64\api-ms-win-crt-stdio-l1-1-0.dll
Event: 0.526 Loaded shared library C:\Users\Admin\.openjfx\cache\23+29\amd64\api-ms-win-crt-string-l1-1-0.dll
Event: 0.528 Loaded shared library C:\Users\Admin\.openjfx\cache\23+29\amd64\api-ms-win-crt-time-l1-1-0.dll
Event: 0.530 Loaded shared library C:\Users\Admin\.openjfx\cache\23+29\amd64\api-ms-win-crt-utility-l1-1-0.dll
Event: 0.554 Loaded shared library C:\Users\Admin\.openjfx\cache\23+29\amd64\ucrtbase.dll
Event: 0.557 Loaded shared library C:\Users\Admin\.openjfx\cache\23+29\amd64\vcruntime140.dll
Event: 0.560 Loaded shared library C:\Users\Admin\.openjfx\cache\23+29\amd64\vcruntime140_1.dll
Event: 0.578 Loaded shared library C:\Users\Admin\.openjfx\cache\23+29\amd64\msvcp140.dll
Event: 0.581 Loaded shared library C:\Users\Admin\.openjfx\cache\23+29\amd64\msvcp140_1.dll
Event: 0.586 Loaded shared library C:\Users\Admin\.openjfx\cache\23+29\amd64\msvcp140_2.dll
Event: 0.689 Loaded shared library C:\Users\Admin\.openjfx\cache\23+29\amd64\prism_d3d.dll
Event: 0.808 Loaded shared library C:\Users\Admin\.openjfx\cache\23+29\amd64\glass.dll
Event: 1.078 Loaded shared library C:\Users\Admin\.jdks\openjdk-23.0.1\bin\jimage.dll
Event: 1.733 Loaded shared library C:\Users\Admin\.openjfx\cache\23+29\amd64\javafx_font.dll

Deoptimization events (20 events):
Event: 41.093 Thread 0x000002722b3f6cd0 Uncommon trap: trap_request=0xffffff45 fr.pc=0x000002721c1f07e8 relative=0x00000000000007c8
Event: 41.093 Thread 0x000002722b3f6cd0 Uncommon trap: reason=unstable_if action=reinterpret pc=0x000002721c1f07e8 method=javafx.scene.Node.updateBounds()V @ 47 c2
Event: 41.093 Thread 0x000002722b3f6cd0 DEOPT PACKING pc=0x000002721c1f07e8 sp=0x0000009d090fe570
Event: 41.093 Thread 0x000002722b3f6cd0 DEOPT UNPACKING pc=0x000002721b8b4402 sp=0x0000009d090fe4c0 mode 2
Event: 41.094 Thread 0x000002722b3fa150 Uncommon trap: trap_request=0xffffff45 fr.pc=0x000002721c1a6f38 relative=0x00000000000001d8
Event: 41.094 Thread 0x000002722b3fa150 Uncommon trap: reason=unstable_if action=reinterpret pc=0x000002721c1a6f38 method=com.sun.javafx.sg.prism.NGNode.computeNodeRenderRoot(Lcom/sun/javafx/sg/prism/NodePath;Lcom/sun/javafx/geom/RectBounds;ILcom/sun/javafx/geom/transform/BaseTransform;Lcom/sun
Event: 41.094 Thread 0x000002722b3fa150 DEOPT PACKING pc=0x000002721c1a6f38 sp=0x0000009d098fe940
Event: 41.094 Thread 0x000002722b3fa150 DEOPT UNPACKING pc=0x000002721b8b4402 sp=0x0000009d098fe828 mode 2
Event: 41.110 Thread 0x000002722b3fa150 Uncommon trap: trap_request=0xffffff6e fr.pc=0x000002721c250ee4 relative=0x00000000000004c4
Event: 41.110 Thread 0x000002722b3fa150 Uncommon trap: reason=loop_limit_check action=maybe_recompile pc=0x000002721c250ee4 method=com.sun.javafx.image.impl.BaseByteToByteConverter$ByteAnyToSameConverter.doConvert([BII[BIIII)V @ 5 c2
Event: 41.110 Thread 0x000002722b3fa150 DEOPT PACKING pc=0x000002721c250ee4 sp=0x0000009d098fdb50
Event: 41.110 Thread 0x000002722b3fa150 DEOPT UNPACKING pc=0x000002721b8b4402 sp=0x0000009d098fdae8 mode 2
Event: 41.621 Thread 0x000002722b3fa150 DEOPT PACKING pc=0x0000027214dd6960 sp=0x0000009d098fdef0
Event: 41.621 Thread 0x000002722b3fa150 DEOPT UNPACKING pc=0x000002721b8b4b22 sp=0x0000009d098fd3f0 mode 0
Event: 41.622 Thread 0x000002722b3fa150 DEOPT PACKING pc=0x0000027214dd6960 sp=0x0000009d098fe000
Event: 41.622 Thread 0x000002722b3fa150 DEOPT UNPACKING pc=0x000002721b8b4b22 sp=0x0000009d098fd500 mode 0
Event: 42.226 Thread 0x000002722b3f6cd0 Uncommon trap: trap_request=0xffffff45 fr.pc=0x000002721c199354 relative=0x0000000000000854
Event: 42.226 Thread 0x000002722b3f6cd0 Uncommon trap: reason=unstable_if action=reinterpret pc=0x000002721c199354 method=java.util.WeakHashMap.expungeStaleEntries()V @ 66 c2
Event: 42.226 Thread 0x000002722b3f6cd0 DEOPT PACKING pc=0x000002721c199354 sp=0x0000009d090fdd30
Event: 42.226 Thread 0x000002722b3f6cd0 DEOPT UNPACKING pc=0x000002721b8b4402 sp=0x0000009d090fdbf0 mode 2

Classes loaded (20 events):
Event: 6.417 Loading class java/io/UnsupportedEncodingException
Event: 6.417 Loading class java/io/UnsupportedEncodingException done
Event: 6.626 Loading class java/text/ParseException
Event: 6.626 Loading class java/text/ParseException done
Event: 6.734 Loading class java/text/FieldPosition$Delegate
Event: 6.734 Loading class java/text/FieldPosition$Delegate done
Event: 6.755 Loading class java/util/ComparableTimSort
Event: 6.755 Loading class java/util/ComparableTimSort done
Event: 6.781 Loading class java/lang/FdLibm$Atan2
Event: 6.781 Loading class java/lang/FdLibm$Atan2 done
Event: 6.781 Loading class java/lang/FdLibm$Atan
Event: 6.781 Loading class java/lang/FdLibm$Atan done
Event: 9.121 Loading class java/lang/Throwable$WrappedPrintStream
Event: 9.121 Loading class java/lang/Throwable$PrintStreamOrWriter
Event: 9.121 Loading class java/lang/Throwable$PrintStreamOrWriter done
Event: 9.121 Loading class java/lang/Throwable$WrappedPrintStream done
Event: 10.703 Loading class java/lang/FdLibm$Acos
Event: 10.703 Loading class java/lang/FdLibm$Acos done
Event: 10.705 Loading class java/lang/FdLibm$Cbrt
Event: 10.706 Loading class java/lang/FdLibm$Cbrt done

Classes unloaded (0 events):
No events

Classes redefined (0 events):
No events

Internal exceptions (20 events):
Event: 2.692 Thread 0x000002722b3f6cd0 Exception <a 'java/lang/ClassNotFoundException'{0x000000072f627d20}: com/sun/javafx/scene/control/skin/resources/controls_en_US> (0x000000072f627d20) 
thrown [s\open\src\hotspot\share\prims\jni.cpp, line 539]
Event: 2.713 Thread 0x000002722b3f6cd0 Implicit null exception at 0x000002721c011ed6 to 0x000002721c011f7a
Event: 2.715 Thread 0x000002722b3f6cd0 Implicit null exception at 0x000002721c0b228d to 0x000002721c0b2500
Event: 2.716 Thread 0x000002722b3f6cd0 Exception <a 'java/lang/NoSuchMethodError'{0x000000072f7c5230}: 'void java.lang.invoke.DirectMethodHandle$Holder.invokeSpecial(java.lang.Object, java.lang.Object, java.lang.Object, java.lang.Object, java.lang.Object, java.lang.Object)'> (0x000000072f7c5230) 
thrown [s\open\src\hotspot\share\interpreter\linkResolver.cpp, line 796]
Event: 2.718 Thread 0x000002722b3f6cd0 Implicit null exception at 0x000002721c0b0d0d to 0x000002721c0b10f8
Event: 2.719 Thread 0x000002722b3f6cd0 Implicit null exception at 0x000002721bfdba9d to 0x000002721bfdbb1d
Event: 2.870 Thread 0x000002722b3f6cd0 Exception <a 'java/lang/NoSuchMethodError'{0x000000072eeab418}: 'java.lang.Object java.lang.invoke.DirectMethodHandle$Holder.newInvokeSpecial(java.lang.Object, java.lang.Object, int)'> (0x000000072eeab418) 
thrown [s\open\src\hotspot\share\interpreter\linkResolver.cpp, line 796]
Event: 2.973 Thread 0x000002722b3fa150 Exception <a 'java/lang/NoSuchMethodError'{0x000000072ec5b498}: 'int java.lang.invoke.DirectMethodHandle$Holder.invokeStaticInit(java.lang.Object, java.lang.Object)'> (0x000000072ec5b498) 
thrown [s\open\src\hotspot\share\interpreter\linkResolver.cpp, line 796]
Event: 3.155 Thread 0x000002722b3fa150 Exception <a 'java/lang/NoSuchMethodError'{0x00000007327ea858}: 'java.lang.Object java.lang.invoke.DirectMethodHandle$Holder.invokeStaticInit(java.lang.Object, int)'> (0x00000007327ea858) 
thrown [s\open\src\hotspot\share\interpreter\linkResolver.cpp, line 796]
Event: 6.449 Thread 0x000002722b3f6cd0 Exception <a 'java/lang/NoSuchMethodError'{0x00000007325fab90}: 'long java.lang.invoke.DirectMethodHandle$Holder.invokeStatic(java.lang.Object, java.lang.Object, java.lang.Object)'> (0x00000007325fab90) 
thrown [s\open\src\hotspot\share\interpreter\linkResolver.cpp, line 796]
Event: 6.450 Thread 0x000002722b3f6cd0 Exception <a 'java/lang/NoSuchMethodError'{0x00000007325fdf78}: 'long java.lang.invoke.DirectMethodHandle$Holder.invokeStaticInit(java.lang.Object, java.lang.Object, java.lang.Object)'> (0x00000007325fdf78) 
thrown [s\open\src\hotspot\share\interpreter\linkResolver.cpp, line 796]
Event: 6.452 Thread 0x000002722b3f6cd0 Exception <a 'java/lang/NoSuchMethodError'{0x00000007323a8858}: 'java.lang.Object java.lang.invoke.DirectMethodHandle$Holder.newInvokeSpecial(java.lang.Object, java.lang.Object, long)'> (0x00000007323a8858) 
thrown [s\open\src\hotspot\share\interpreter\linkResolver.cpp, line 796]
Event: 6.452 Thread 0x000002722b3f6cd0 Exception <a 'java/lang/NoSuchMethodError'{0x00000007323ac178}: 'java.lang.Object java.lang.invoke.Invokers$Holder.linkToTargetMethod(java.lang.Object, long, java.lang.Object)'> (0x00000007323ac178) 
thrown [s\open\src\hotspot\share\interpreter\linkResolver.cpp, line 796]
Event: 9.121 Thread 0x000002722b3f6cd0 Exception <a 'sun/nio/fs/WindowsException'{0x0000000727dcfb48}> (0x0000000727dcfb48) 
thrown [s\open\src\hotspot\share\prims\jni.cpp, line 520]
Event: 10.639 Thread 0x000002722b3f6cd0 Exception <a 'java/lang/NoSuchMethodError'{0x0000000727b42e70}: 'java.lang.Object java.lang.invoke.DirectMethodHandle$Holder.newInvokeSpecial(java.lang.Object, double)'> (0x0000000727b42e70) 
thrown [s\open\src\hotspot\share\interpreter\linkResolver.cpp, line 796]
Event: 10.649 Thread 0x000002722b3f6cd0 Exception <a 'java/lang/ClassCastException'{0x0000000727bb5ea8}: class java.lang.String cannot be cast to class javafx.scene.paint.Paint (java.lang.String is in module java.base of loader 'bootstrap'; javafx.scene.paint.Paint is in module javafx.graphics@23 of loader 'app')> (0x0000000727bb5ea8) 
thrown [s\open\src\hotspot\share\interpreter\interpreterRuntime.cpp, line 438]
Event: 16.434 Thread 0x000002722b3f6cd0 Exception <a 'java/io/FileNotFoundException'{0x0000000727798cc0}> (0x0000000727798cc0) 
thrown [s\open\src\hotspot\share\prims\jni.cpp, line 520]
Event: 16.599 Thread 0x000002722b3fa150 Implicit null exception at 0x000002721c1fd86c to 0x000002721c1ff930
Event: 26.101 Thread 0x000002722b3fa150 Implicit null exception at 0x000002721c1a37ce to 0x000002721c1a3840
Event: 26.948 Thread 0x000002722b3fa150 Implicit null exception at 0x000002721c223eba to 0x000002721c223f4c

VM Operations (20 events):
Event: 2.715 Executing VM operation: HandshakeAllThreads (Deoptimize)
Event: 2.715 Executing VM operation: HandshakeAllThreads (Deoptimize) done
Event: 2.715 Executing VM operation: HandshakeAllThreads (Deoptimize)
Event: 2.715 Executing VM operation: HandshakeAllThreads (Deoptimize) done
Event: 3.000 Executing VM operation: G1CollectForAllocation (G1 Evacuation Pause)
Event: 3.015 Executing VM operation: G1CollectForAllocation (G1 Evacuation Pause) done
Event: 6.692 Executing VM operation: HandshakeAllThreads (Deoptimize)
Event: 6.692 Executing VM operation: HandshakeAllThreads (Deoptimize) done
Event: 6.707 Executing VM operation: HandshakeAllThreads (Deoptimize)
Event: 6.707 Executing VM operation: HandshakeAllThreads (Deoptimize) done
Event: 6.734 Executing VM operation: HandshakeAllThreads (Deoptimize)
Event: 6.734 Executing VM operation: HandshakeAllThreads (Deoptimize) done
Event: 6.990 Executing VM operation: CollectForMetadataAllocation (Metadata GC Threshold)
Event: 6.999 Executing VM operation: CollectForMetadataAllocation (Metadata GC Threshold) done
Event: 7.009 Executing VM operation: G1PauseRemark
Event: 7.013 Executing VM operation: G1PauseRemark done
Event: 7.017 Executing VM operation: G1PauseCleanup
Event: 7.021 Executing VM operation: G1PauseCleanup done
Event: 26.934 Executing VM operation: G1CollectForAllocation (G1 Evacuation Pause)
Event: 26.942 Executing VM operation: G1CollectForAllocation (G1 Evacuation Pause) done

Memory protections (0 events):
No events

Nmethod flushes (0 events):
No events

Events (20 events):
Event: 11.204 Thread 0x0000027271b803e0 Thread exited: 0x0000027271b803e0
Event: 12.785 Thread 0x0000027271b7db00 Thread exited: 0x0000027271b7db00
Event: 12.813 Thread 0x000002722b333380 Thread exited: 0x000002722b333380
Event: 12.813 Thread 0x0000027271b7f640 Thread exited: 0x0000027271b7f640
Event: 16.505 Thread 0x000002722b294470 Thread added: 0x0000027271b7ef70
Event: 16.524 Thread 0x000002722b294470 Thread added: 0x0000027271b7f640
Event: 16.547 Thread 0x000002722b294470 Thread added: 0x0000027271b803e0
Event: 16.547 Thread 0x000002722b294470 Thread added: 0x0000027271b7d430
Event: 16.547 Thread 0x000002722b294470 Thread added: 0x0000027271b7db00
Event: 16.914 Thread 0x0000027271b7f640 Thread exited: 0x0000027271b7f640
Event: 17.781 Thread 0x0000027271b7ef70 Thread exited: 0x0000027271b7ef70
Event: 17.781 Thread 0x0000027271b7db00 Thread exited: 0x0000027271b7db00
Event: 22.785 Thread 0x0000027271b803e0 Thread exited: 0x0000027271b803e0
Event: 22.785 Thread 0x0000027271b7d430 Thread exited: 0x0000027271b7d430
Event: 26.499 Thread 0x000002722b294470 Thread added: 0x0000027271b7ef70
Event: 35.291 Thread 0x0000027271b7ef70 Thread exited: 0x0000027271b7ef70
Event: 41.112 Thread 0x000002722b294470 Thread added: 0x0000027271b803e0
Event: 41.112 Thread 0x000002722b294470 Thread added: 0x0000027271b7d430
Event: 41.681 Thread 0x0000027271b7d430 Thread exited: 0x0000027271b7d430
Event: 42.227 Thread 0x0000027271b803e0 Thread exited: 0x0000027271b803e0


Dynamic libraries:
0x00007ff6595c0000 - 0x00007ff6595ce000 	C:\Users\Admin\.jdks\openjdk-23.0.1\bin\java.exe
0x00007ffa2be60000 - 0x00007ffa2c0c0000 	C:\WINDOWS\SYSTEM32\ntdll.dll
0x00007ffa2a330000 - 0x00007ffa2a3f7000 	C:\WINDOWS\System32\KERNEL32.DLL
0x00007ffa29040000 - 0x00007ffa2940a000 	C:\WINDOWS\System32\KERNELBASE.dll
0x00007ffa29970000 - 0x00007ffa29abb000 	C:\WINDOWS\System32\ucrtbase.dll
0x00007ffa25860000 - 0x00007ffa2587b000 	C:\Users\Admin\.jdks\openjdk-23.0.1\bin\VCRUNTIME140.dll
0x00007ffa258a0000 - 0x00007ffa258b7000 	C:\Users\Admin\.jdks\openjdk-23.0.1\bin\jli.dll
0x00007ffa2a0f0000 - 0x00007ffa2a2bc000 	C:\WINDOWS\System32\USER32.dll
0x00007ffa132f0000 - 0x00007ffa13587000 	C:\WINDOWS\WinSxS\amd64_microsoft.windows.common-controls_6595b64144ccf1df_6.0.26100.3624_none_3e086962e3345f24\COMCTL32.dll
0x00007ffa29ac0000 - 0x00007ffa29ae7000 	C:\WINDOWS\System32\win32u.dll
0x00007ffa2a400000 - 0x00007ffa2a4a9000 	C:\WINDOWS\System32\msvcrt.dll
0x00007ffa2a510000 - 0x00007ffa2a53a000 	C:\WINDOWS\System32\GDI32.dll
0x00007ffa296e0000 - 0x00007ffa29811000 	C:\WINDOWS\System32\gdi32full.dll
0x00007ffa29820000 - 0x00007ffa298c3000 	C:\WINDOWS\System32\msvcp_win.dll
0x00007ffa29e40000 - 0x00007ffa29e6f000 	C:\WINDOWS\System32\IMM32.DLL
0x00007ffa258e0000 - 0x00007ffa258ec000 	C:\Users\Admin\.jdks\openjdk-23.0.1\bin\vcruntime140_1.dll
0x00007ffa19140000 - 0x00007ffa191ce000 	C:\Users\Admin\.jdks\openjdk-23.0.1\bin\msvcp140.dll
0x00007ff9f0250000 - 0x00007ff9f0f9f000 	C:\Users\Admin\.jdks\openjdk-23.0.1\bin\server\jvm.dll
0x00007ffa2af60000 - 0x00007ffa2b012000 	C:\WINDOWS\System32\ADVAPI32.dll
0x00007ffa2b800000 - 0x00007ffa2b8a6000 	C:\WINDOWS\System32\sechost.dll
0x00007ffa2ae10000 - 0x00007ffa2af26000 	C:\WINDOWS\System32\RPCRT4.dll
0x00007ffa29dc0000 - 0x00007ffa29e34000 	C:\WINDOWS\System32\WS2_32.dll
0x00007ffa27c80000 - 0x00007ffa27cde000 	C:\WINDOWS\SYSTEM32\POWRPROF.dll
0x00007ffa231d0000 - 0x00007ffa23206000 	C:\WINDOWS\SYSTEM32\WINMM.dll
0x00007ffa1f470000 - 0x00007ffa1f47b000 	C:\WINDOWS\SYSTEM32\VERSION.dll
0x00007ffa27c60000 - 0x00007ffa27c74000 	C:\WINDOWS\SYSTEM32\UMPDC.dll
0x00007ffa27f50000 - 0x00007ffa27f6a000 	C:\WINDOWS\SYSTEM32\kernel.appcore.dll
0x00007ffa23f40000 - 0x00007ffa23f4a000 	C:\Users\Admin\.jdks\openjdk-23.0.1\bin\jimage.dll
0x00007ffa26a40000 - 0x00007ffa26c81000 	C:\WINDOWS\SYSTEM32\DBGHELP.DLL
0x00007ffa2a9c0000 - 0x00007ffa2ad42000 	C:\WINDOWS\System32\combase.dll
0x00007ffa2b8b0000 - 0x00007ffa2b986000 	C:\WINDOWS\System32\OLEAUT32.dll
0x00007ffa24220000 - 0x00007ffa24259000 	C:\WINDOWS\SYSTEM32\dbgcore.DLL
0x00007ffa298d0000 - 0x00007ffa29969000 	C:\WINDOWS\System32\bcryptPrimitives.dll
0x00007ffa23f30000 - 0x00007ffa23f3f000 	C:\Users\Admin\.jdks\openjdk-23.0.1\bin\instrument.dll
0x00007ffa23860000 - 0x00007ffa2387e000 	C:\Users\Admin\.jdks\openjdk-23.0.1\bin\java.dll
0x00007ffa2a640000 - 0x00007ffa2a7d6000 	C:\WINDOWS\System32\ole32.dll
0x00007ffa2b0d0000 - 0x00007ffa2b7f9000 	C:\WINDOWS\System32\SHELL32.dll
0x00007ffa29af0000 - 0x00007ffa29c58000 	C:\WINDOWS\System32\wintypes.dll
0x00007ffa26cc0000 - 0x00007ffa27512000 	C:\WINDOWS\SYSTEM32\windows.storage.dll
0x00007ffa29e80000 - 0x00007ffa29f6d000 	C:\WINDOWS\System32\SHCORE.dll
0x00007ffa2a2c0000 - 0x00007ffa2a324000 	C:\WINDOWS\System32\shlwapi.dll
0x00007ffa28f50000 - 0x00007ffa28f7f000 	C:\WINDOWS\SYSTEM32\profapi.dll
0x00007ff9f2260000 - 0x00007ff9f2337000 	C:\Users\Admin\.jdks\openjdk-23.0.1\bin\jsvml.dll
0x00007ffa21960000 - 0x00007ffa21970000 	C:\Users\Admin\.jdks\openjdk-23.0.1\bin\net.dll
0x00007ffa28490000 - 0x00007ffa284fa000 	C:\WINDOWS\system32\mswsock.dll
0x00007ffa19c40000 - 0x00007ffa19c56000 	C:\Users\Admin\.jdks\openjdk-23.0.1\bin\nio.dll
0x00007ffa16c80000 - 0x00007ffa16c97000 	C:\Users\Admin\.jdks\openjdk-23.0.1\bin\zip.dll
0x00007ffa12bc0000 - 0x00007ffa12bda000 	C:\Program Files\JetBrains\IntelliJ IDEA 2024.2.1\bin\breakgen64.dll
0x00007ffa1f600000 - 0x00007ffa1f609000 	C:\Users\Admin\.jdks\openjdk-23.0.1\bin\extnet.dll
0x000002720b370000 - 0x000002720b373000 	C:\Users\Admin\.openjfx\cache\23+29\amd64\api-ms-win-core-console-l1-1-0.dll
0x000002720bc10000 - 0x000002720bc13000 	C:\Users\Admin\.openjfx\cache\23+29\amd64\api-ms-win-core-console-l1-2-0.dll
0x000002720bc20000 - 0x000002720bc23000 	C:\Users\Admin\.openjfx\cache\23+29\amd64\api-ms-win-core-datetime-l1-1-0.dll
0x000002720bc30000 - 0x000002720bc33000 	C:\Users\Admin\.openjfx\cache\23+29\amd64\api-ms-win-core-debug-l1-1-0.dll
0x000002720bc40000 - 0x000002720bc43000 	C:\Users\Admin\.openjfx\cache\23+29\amd64\api-ms-win-core-errorhandling-l1-1-0.dll
0x000002720bc50000 - 0x000002720bc54000 	C:\Users\Admin\.openjfx\cache\23+29\amd64\api-ms-win-core-file-l1-1-0.dll
0x000002720bc60000 - 0x000002720bc63000 	C:\Users\Admin\.openjfx\cache\23+29\amd64\api-ms-win-core-file-l1-2-0.dll
0x000002720bc70000 - 0x000002720bc73000 	C:\Users\Admin\.openjfx\cache\23+29\amd64\api-ms-win-core-file-l2-1-0.dll
0x000002720bc80000 - 0x000002720bc83000 	C:\Users\Admin\.openjfx\cache\23+29\amd64\api-ms-win-core-handle-l1-1-0.dll
0x000002720bc90000 - 0x000002720bc93000 	C:\Users\Admin\.openjfx\cache\23+29\amd64\api-ms-win-core-heap-l1-1-0.dll
0x000002722beb0000 - 0x000002722beb3000 	C:\Users\Admin\.openjfx\cache\23+29\amd64\api-ms-win-core-interlocked-l1-1-0.dll
0x000002722bec0000 - 0x000002722bec3000 	C:\Users\Admin\.openjfx\cache\23+29\amd64\api-ms-win-core-libraryloader-l1-1-0.dll
0x000002722bed0000 - 0x000002722bed3000 	C:\Users\Admin\.openjfx\cache\23+29\amd64\api-ms-win-core-localization-l1-2-0.dll
0x000002722bee0000 - 0x000002722bee3000 	C:\Users\Admin\.openjfx\cache\23+29\amd64\api-ms-win-core-memory-l1-1-0.dll
0x000002722bef0000 - 0x000002722bef3000 	C:\Users\Admin\.openjfx\cache\23+29\amd64\api-ms-win-core-namedpipe-l1-1-0.dll
0x000002722bf00000 - 0x000002722bf03000 	C:\Users\Admin\.openjfx\cache\23+29\amd64\api-ms-win-core-processenvironment-l1-1-0.dll
0x000002722bf10000 - 0x000002722bf13000 	C:\Users\Admin\.openjfx\cache\23+29\amd64\api-ms-win-core-processthreads-l1-1-0.dll
0x000002722bf20000 - 0x000002722bf23000 	C:\Users\Admin\.openjfx\cache\23+29\amd64\api-ms-win-core-processthreads-l1-1-1.dll
0x000002722bf30000 - 0x000002722bf33000 	C:\Users\Admin\.openjfx\cache\23+29\amd64\api-ms-win-core-profile-l1-1-0.dll
0x000002722bf40000 - 0x000002722bf43000 	C:\Users\Admin\.openjfx\cache\23+29\amd64\api-ms-win-core-rtlsupport-l1-1-0.dll
0x000002722bf50000 - 0x000002722bf53000 	C:\Users\Admin\.openjfx\cache\23+29\amd64\api-ms-win-core-string-l1-1-0.dll
0x000002722bf60000 - 0x000002722bf63000 	C:\Users\Admin\.openjfx\cache\23+29\amd64\api-ms-win-core-synch-l1-1-0.dll
0x000002722bf70000 - 0x000002722bf73000 	C:\Users\Admin\.openjfx\cache\23+29\amd64\api-ms-win-core-synch-l1-2-0.dll
0x000002722bf80000 - 0x000002722bf83000 	C:\Users\Admin\.openjfx\cache\23+29\amd64\api-ms-win-core-sysinfo-l1-1-0.dll
0x000002722bf90000 - 0x000002722bf93000 	C:\Users\Admin\.openjfx\cache\23+29\amd64\api-ms-win-core-timezone-l1-1-0.dll
0x000002722bfa0000 - 0x000002722bfa3000 	C:\Users\Admin\.openjfx\cache\23+29\amd64\api-ms-win-core-util-l1-1-0.dll
0x000002722bfb0000 - 0x000002722bfb3000 	C:\Users\Admin\.openjfx\cache\23+29\amd64\api-ms-win-crt-conio-l1-1-0.dll
0x000002722bfc0000 - 0x000002722bfc4000 	C:\Users\Admin\.openjfx\cache\23+29\amd64\api-ms-win-crt-convert-l1-1-0.dll
0x000002722bfd0000 - 0x000002722bfd3000 	C:\Users\Admin\.openjfx\cache\23+29\amd64\api-ms-win-crt-environment-l1-1-0.dll
0x000002722bfe0000 - 0x000002722bfe3000 	C:\Users\Admin\.openjfx\cache\23+29\amd64\api-ms-win-crt-filesystem-l1-1-0.dll
0x000002722bff0000 - 0x000002722bff3000 	C:\Users\Admin\.openjfx\cache\23+29\amd64\api-ms-win-crt-heap-l1-1-0.dll
0x0000027271fd0000 - 0x0000027271fd3000 	C:\Users\Admin\.openjfx\cache\23+29\amd64\api-ms-win-crt-locale-l1-1-0.dll
0x0000027271fe0000 - 0x0000027271fe5000 	C:\Users\Admin\.openjfx\cache\23+29\amd64\api-ms-win-crt-math-l1-1-0.dll
0x0000027271ff0000 - 0x0000027271ff5000 	C:\Users\Admin\.openjfx\cache\23+29\amd64\api-ms-win-crt-multibyte-l1-1-0.dll
0x0000027272000000 - 0x0000027272010000 	C:\Users\Admin\.openjfx\cache\23+29\amd64\api-ms-win-crt-private-l1-1-0.dll
0x0000027272010000 - 0x0000027272013000 	C:\Users\Admin\.openjfx\cache\23+29\amd64\api-ms-win-crt-process-l1-1-0.dll
0x0000027272020000 - 0x0000027272024000 	C:\Users\Admin\.openjfx\cache\23+29\amd64\api-ms-win-crt-runtime-l1-1-0.dll
0x0000027272030000 - 0x0000027272034000 	C:\Users\Admin\.openjfx\cache\23+29\amd64\api-ms-win-crt-stdio-l1-1-0.dll
0x0000027272040000 - 0x0000027272044000 	C:\Users\Admin\.openjfx\cache\23+29\amd64\api-ms-win-crt-string-l1-1-0.dll
0x0000027272050000 - 0x0000027272053000 	C:\Users\Admin\.openjfx\cache\23+29\amd64\api-ms-win-crt-time-l1-1-0.dll
0x0000027272060000 - 0x0000027272063000 	C:\Users\Admin\.openjfx\cache\23+29\amd64\api-ms-win-crt-utility-l1-1-0.dll
0x00007ff9f17d0000 - 0x00007ff9f18cc000 	C:\Users\Admin\.openjfx\cache\23+29\amd64\ucrtbase.dll
0x00007ffa10d00000 - 0x00007ffa10d1b000 	C:\Users\Admin\.openjfx\cache\23+29\amd64\vcruntime140.dll
0x00007ffa1f0f0000 - 0x00007ffa1f0fc000 	C:\Users\Admin\.openjfx\cache\23+29\amd64\vcruntime140_1.dll
0x00007ff9ef5a0000 - 0x00007ff9ef62e000 	C:\Users\Admin\.openjfx\cache\23+29\amd64\msvcp140.dll
0x00007ffa11d60000 - 0x00007ffa11d69000 	C:\Users\Admin\.openjfx\cache\23+29\amd64\msvcp140_1.dll
0x00007ff9fddf0000 - 0x00007ff9fde31000 	C:\Users\Admin\.openjfx\cache\23+29\amd64\msvcp140_2.dll
0x00007ffa02ba0000 - 0x00007ffa02bd0000 	C:\Users\Admin\.openjfx\cache\23+29\amd64\prism_d3d.dll
0x00007ff9d6ac0000 - 0x00007ff9d6c6c000 	C:\WINDOWS\system32\d3d9.dll
0x00007ffa25f50000 - 0x00007ffa25f86000 	C:\WINDOWS\SYSTEM32\dwmapi.dll
0x00007ffa261d0000 - 0x00007ffa26217000 	C:\WINDOWS\SYSTEM32\dxcore.dll
0x00007ffa25bd0000 - 0x00007ffa25c7e000 	C:\WINDOWS\system32\uxtheme.dll
0x00007ffa1d910000 - 0x00007ffa1dacb000 	C:\WINDOWS\System32\DriverStore\FileRepository\u0390833.inf_amd64_c62d90c192896438\B390488\aticfx64.dll
0x00007ff97b3c0000 - 0x00007ff97d191000 	C:\WINDOWS\System32\DriverStore\FileRepository\u0390833.inf_amd64_c62d90c192896438\B390488\amdxn64.dll
0x00007ffa2b990000 - 0x00007ffa2be16000 	C:\WINDOWS\System32\SETUPAPI.dll
0x00007ffa25df0000 - 0x00007ffa25f1e000 	C:\WINDOWS\SYSTEM32\dxgi.dll
0x00007ffa25d80000 - 0x00007ffa25dde000 	C:\WINDOWS\SYSTEM32\directxdatabasehelper.dll
0x00007ffa28ca0000 - 0x00007ffa28cff000 	C:\WINDOWS\SYSTEM32\cfgmgr32.dll
0x00007ffa23020000 - 0x00007ffa23055000 	C:\WINDOWS\SYSTEM32\amdihk64.dll
0x00007ff9fdbf0000 - 0x00007ff9fdc35000 	C:\Users\Admin\.openjfx\cache\23+29\amd64\glass.dll
0x00007ffa29f70000 - 0x00007ffa2a064000 	C:\WINDOWS\System32\COMDLG32.dll
0x00007ffa29c60000 - 0x00007ffa29dbd000 	C:\WINDOWS\System32\MSCTF.dll
0x00007ffa2b020000 - 0x00007ffa2b0c8000 	C:\WINDOWS\System32\clbcatq.dll
0x00007ffa0c4e0000 - 0x00007ffa0c636000 	C:\Windows\System32\Windows.UI.dll
0x00007ffa08770000 - 0x00007ffa088bc000 	C:\Windows\System32\Windows.UI.Immersive.dll
0x00007ffa22dd0000 - 0x00007ffa22de5000 	C:\Users\Admin\.openjfx\cache\23+29\amd64\javafx_font.dll
0x00007ffa20160000 - 0x00007ffa203c9000 	C:\WINDOWS\SYSTEM32\dwrite.dll
0x00007ffa28730000 - 0x00007ffa2874c000 	C:\WINDOWS\SYSTEM32\CRYPTSP.dll
0x00007ffa27eb0000 - 0x00007ffa27eea000 	C:\WINDOWS\system32\rsaenh.dll
0x00007ffa28530000 - 0x00007ffa2855b000 	C:\WINDOWS\SYSTEM32\USERENV.dll
0x00007ffa28f20000 - 0x00007ffa28f46000 	C:\WINDOWS\SYSTEM32\bcrypt.dll
0x00007ffa28750000 - 0x00007ffa2875c000 	C:\WINDOWS\SYSTEM32\CRYPTBASE.dll
0x00007ffa27910000 - 0x00007ffa27943000 	C:\WINDOWS\SYSTEM32\IPHLPAPI.DLL
0x00007ffa2af30000 - 0x00007ffa2af3a000 	C:\WINDOWS\System32\NSI.dll
0x00007ffa25950000 - 0x00007ffa25b7e000 	C:\WINDOWS\SYSTEM32\WindowsCodecs.dll
0x00007ff9fb800000 - 0x00007ff9fb85a000 	C:\WINDOWS\system32\dataexchange.dll
0x00007ffa1b1b0000 - 0x00007ffa1b3eb000 	C:\WINDOWS\system32\twinapi.appcore.dll
0x00007ffa0f920000 - 0x00007ffa0f94c000 	C:\Program Files\Common Files\Microsoft Shared\Ink\rtscom.dll
0x00007ffa0b800000 - 0x00007ffa0b949000 	C:\WINDOWS\SYSTEM32\textinputframework.dll

dbghelp: loaded successfully - version: 4.0.5 - missing functions: none
symbol engine: initialized successfully - sym options: 0x614 - pdb path: .;C:\Users\Admin\.jdks\openjdk-23.0.1\bin;C:\WINDOWS\SYSTEM32;C:\WINDOWS\WinSxS\amd64_microsoft.windows.common-controls_6595b64144ccf1df_6.0.26100.3624_none_3e086962e3345f24;C:\Users\Admin\.jdks\openjdk-23.0.1\bin\server;C:\Program Files\JetBrains\IntelliJ IDEA 2024.2.1\bin;C:\Users\Admin\.openjfx\cache\23+29\amd64;C:\WINDOWS\System32\DriverStore\FileRepository\u0390833.inf_amd64_c62d90c192896438\B390488;C:\Program Files\Common Files\Microsoft Shared\Ink

VM Arguments:
jvm_args: --enable-preview -javaagent:C:\Program Files\JetBrains\IntelliJ IDEA 2024.2.1\lib\idea_rt.jar=58130:C:\Program Files\JetBrains\IntelliJ IDEA 2024.2.1\bin -Dfile.encoding=UTF-8 -Dsun.stdout.encoding=UTF-8 -Dsun.stderr.encoding=UTF-8 --module-path=C:\Users\Admin\.m2\repository\net\synedra\validatorfx\0.5.0\validatorfx-0.5.0.jar;C:\Users\Admin\.m2\repository\org\mariadb\jdbc\mariadb-java-client\3.2.0\mariadb-java-client-3.2.0.jar;C:\Users\Admin\.m2\repository\com\gluonhq\attach\audio\4.0.17\audio-4.0.17.jar;C:\Users\Admin\.m2\repository\net\java\dev\jna\jna-platform\5.12.1\jna-platform-5.12.1.jar;C:\Users\Admin\.m2\repository\org\openjfx\javafx-media\23\javafx-media-23-win.jar;C:\Users\Admin\.m2\repository\org\openjfx\javafx-fxml\23\javafx-fxml-23-win.jar;C:\Users\Admin\.m2\repository\org\kordamp\ikonli\ikonli-javafx\12.3.1\ikonli-javafx-12.3.1.jar;C:\Users\Admin\.m2\repository\com\gluonhq\attach\util\4.0.17\util-4.0.17.jar;C:\Users\Admin\.m2\repository\org\openjfx\javafx-base\23\javafx-base-23-win.jar;C:\Users\Admin\.m2\repository\eu\hansolo\fx\countries\21.0.17\countries-21.0.17.jar;C:\Users\Admin\.m2\repository\org\jetbrains\kotlin\kotlin-stdlib\1.8.10\kotlin-stdlib-1.8.10.jar;C:\Users\Admin\.m2\repository\com\gluonhq\attach\lifecycle\4.0.17\lifecycle-4.0.17.jar;C:\Users\Admin\.m2\repository\com\google\code\gson\gson\2.10\gson-2.10.jar;C:\Users\Admin\.m2\repository\org\openjfx\javafx-graphics\23\javafx-graphics-23-win.jar;C:\Users\Admin\.m2\repository\org\openjfx\javafx-controls\23\javafx-controls-23-win.jar;C:\Users\Admin\.m2\repository\org\slf4j\slf4j-api\1.7.36\slf4j-api-1.7.36.jar;C:\Users\Admin\.m2\repository\org\kordamp\ikonli\ikonli-fontawesome-pack\12.3.1\ikonli-fontawesome-pack-12.3.1.jar;C:\Users\Admin\.m2\repository\com\github\almasb\fxgl-io\17.3\fxgl-io-17.3.jar;D:\JAVA\Studify_FrontEnd\Studify_FE\target\classes;C:\Users\Admin\.m2\repository\org\openjfx\javafx-web\23\javafx-web-23-win.jar;C:\Users\Admin\.m2\repository\com\github\almasb\fxgl-core\17.3\fxgl-core-17.3.jar;C:\Users\Admin\.m2\repository\org\openjfx\javafx-swing\23\javafx-swing-23-win.jar;C:\Users\Admin\.m2\repository\eu\hansolo\fx\heatmap\21.0.5\heatmap-21.0.5.jar;C:\Users\Admin\.m2\repository\org\kordamp\ikonli\ikonli-Djdk.module.main=controller.libraryapp 
java_command: controller.libraryapp/MainWeb.Main
java_class_path (initial): C:\Users\Admin\.m2\repository\org\openjfx\javafx-controls\23\javafx-controls-23.jar;C:\Users\Admin\.m2\repository\org\openjfx\javafx-graphics\23\javafx-graphics-23.jar;C:\Users\Admin\.m2\repository\org\openjfx\javafx-base\23\javafx-base-23.jar;C:\Users\Admin\.m2\repository\org\slf4j\jcl-over-slf4j\1.7.36\jcl-over-slf4j-1.7.36.jar;C:\Users\Admin\.m2\repository\com\github\ben-manes\caffeine\caffeine\2.9.3\caffeine-2.9.3.jar;C:\Users\Admin\.m2\repository\com\google\errorprone\error_prone_annotations\2.10.0\error_prone_annotations-2.10.0.jar;C:\Users\Admin\.m2\repository\org\checkerframework\checker-qual\3.23.0\checker-qual-3.23.0.jar;C:\Users\Admin\.m2\repository\org\openjfx\javafx-fxml\23\javafx-fxml-23.jar;C:\Users\Admin\.m2\repository\org\openjfx\javafx-web\23\javafx-web-23.jar;C:\Users\Admin\.m2\repository\org\openjfx\javafx-swing\23\javafx-swing-23.jar;C:\Users\Admin\.m2\repository\org\openjfx\javafx-media\23\javafx-media-23.jar;C:\Users\Admin\.m2\repository\org\jetbrains\kotlin\kotlin-stdlib-common\1.8.10\kotlin-stdlib-common-1.8.10.jar;C:\Users\Admin\.m2\repository\org\jetbrains\annotations\13.0\annotations-13.0.jar;C:\Users\Admin\.m2\repository\com\squareup\okhttp3\okhttp\4.11.0\okhttp-4.11.0.jar;C:\Users\Admin\.m2\repository\com\squareup\okio\okio\3.2.0\okio-3.2.0.jar;C:\Users\Admin\.m2\repository\com\squareup\okio\okio-jvm\3.2.0\okio-jvm-3.2.0.jar;C:\Users\Admin\.m2\repository\org\jetbrains\kotlin\kotlin-stdlib-jdk8\1.6.20\kotlin-stdlib-jdk8-1.6.20.jar;C:\Users\Admin\.m2\repository\org\jetbrains\kotlin\kotlin-stdlib-jdk7\1.6.20\kotlin-stdlib-jdk7-1.6.20.jar;C:\Users\Admin\.m2\repository\com\mysql\mysql-connector-j\8.0.33\mysql-connector-j-8.0.33.jar;C:\Users\Admin\.m2\repository\com\google\protobuf\protobuf-java\3.21.9\protobuf-java-3.21.9.jar
Launcher Type: SUN_STANDARD

[Global flags]
     intx CICompilerCount                          = 12                                        {product} {ergonomic}
     uint ConcGCThreads                            = 3                                         {product} {ergonomic}
     uint G1ConcRefinementThreads                  = 13                                        {product} {ergonomic}
   size_t G1HeapRegionSize                         = 2097152                                   {product} {ergonomic}
   size_t InitialHeapSize                          = 230686720                                 {product} {ergonomic}
   size_t MarkStackSize                            = 4194304                                   {product} {ergonomic}
   size_t MarkStackSizeMax                         = 536870912                                 {product} {ergonomic}
   size_t MaxHeapSize                              = 3676307456                                {product} {ergonomic}
   size_t MaxNewSize                               = 2204106752                                {product} {ergonomic}
   size_t MinHeapDeltaBytes                        = 2097152                                   {product} {ergonomic}
   size_t MinHeapSize                              = 8388608                                   {product} {ergonomic}
    uintx NonNMethodCodeHeapSize                   = 7602176                                {pd product} {ergonomic}
    uintx NonProfiledCodeHeapSize                  = 122093568                              {pd product} {ergonomic}
    uintx ProfiledCodeHeapSize                     = 121962496                              {pd product} {ergonomic}
    uintx ReservedCodeCacheSize                    = 251658240                              {pd product} {ergonomic}
     bool SegmentedCodeCache                       = true                                      {product} {ergonomic}
   size_t SoftMaxHeapSize                          = 3676307456                             {manageable} {ergonomic}
     bool UseCompressedOops                        = true                           {product lp64_product} {ergonomic}
     bool UseG1GC                                  = true                                      {product} {ergonomic}
     bool UseLargePagesIndividualAllocation        = false                                  {pd product} {ergonomic}

Logging:
Log output configuration:
 #0: stdout all=warning uptime,level,tags foldmultilines=false
 #1: stderr all=off uptime,level,tags foldmultilines=false

Environment Variables:
JAVA_HOME=C:\Users\Admin\.jdks\openjdk-23.0.1
PATH=C:\Program Files (x86)\VMware\VMware Workstation\bin\;C:\Program Files\Eclipse Adoptium\jdk-21.0.4.7-hotspot\bin;C:\WINDOWS\system32;C:\WINDOWS;C:\WINDOWS\System32\Wbem;C:\WINDOWS\System32\WindowsPowerShell\v1.0\;C:\WINDOWS\System32\OpenSSH\;C:\Program Files\Microsoft SQL Server\150\Tools\Binn\;C:\Program Files (x86)\Windows Kits\10\Windows Performance Toolkit\;C:\Program Files\Git\cmd;C:\Program Files\MySQL\MySQL Server 8.4\bin;C:\Program Files\MySQL\MySQL Server 8.4\bin\MySQL Server 8.4\bin;C:\Users\Admin\.jdks\openjdk-23.0.1\bin;C:\Users\Admin\.jdks\openjdk-23.0.1\bin;C:\Program Files\dotnet\;C:\Program Files\dotnet;C:\Program Files\WiX Toolset v5.0\bin\;C:\Program Files (x86)\WiX Toolset v3.14\;C:\Program Files (x86)\WiX Toolset v3.14\bin\;D:\HUY\APPS\nuget.exe;C:\Users\Admin\AppData\Local\Microsoft\WindowsApps;C:\Users\Admin\AppData\Local\GitHubDesktop\bin;C:\Users\Admin\AppData\Local\Programs\Microsoft VS Code\bin;C:\Users\Admin\.dotnet\tools;
USERNAME=Admin
OS=Windows_NT
PROCESSOR_IDENTIFIER=AMD64 Family 25 Model 68 Stepping 1, AuthenticAMD
TMP=C:\Users\Admin\AppData\Local\Temp
TEMP=C:\Users\Admin\AppData\Local\Temp




Periodic native trim disabled

---------------  S Y S T E M  ---------------

OS:
 Windows 11 , 64 bit Build 26100 (10.0.26100.3775)
OS uptime: 6 days 11:57 hours
Hyper-V role detected

CPU: total 16 (initial active 16) (16 cores per cpu, 2 threads per core) family 25 model 68 stepping 1 microcode 0xa404102, cx8, cmov, fxsr, ht, mmx, 3dnowpref, sse, sse2, sse3, ssse3, sse4a, sse4.1, sse4.2, popcnt, lzcnt, tsc, tscinvbit, avx, avx2, aes, clmul, bmi1, bmi2, adx, sha, fma, vzeroupper, clflush, clflushopt, hv, rdtscp, rdpid, f16c, cet_ss
Processor Information for processor 0
  Max Mhz: 3201, Current Mhz: 3201, Mhz Limit: 3201
Processor Information for processor 1
  Max Mhz: 3201, Current Mhz: 2508, Mhz Limit: 3201
Processor Information for processor 2
  Max Mhz: 3201, Current Mhz: 2508, Mhz Limit: 3201
Processor Information for processor 3
  Max Mhz: 3201, Current Mhz: 2508, Mhz Limit: 3201
Processor Information for processor 4
  Max Mhz: 3201, Current Mhz: 2508, Mhz Limit: 3201
Processor Information for processor 5
  Max Mhz: 3201, Current Mhz: 2508, Mhz Limit: 3201
Processor Information for processor 6
  Max Mhz: 3201, Current Mhz: 2508, Mhz Limit: 3201
Processor Information for processor 7
  Max Mhz: 3201, Current Mhz: 2508, Mhz Limit: 3201
Processor Information for processor 8
  Max Mhz: 3201, Current Mhz: 2508, Mhz Limit: 3201
Processor Information for processor 9
  Max Mhz: 3201, Current Mhz: 2508, Mhz Limit: 3201
Processor Information for processor 10
  Max Mhz: 3201, Current Mhz: 2508, Mhz Limit: 3201
Processor Information for processor 11
  Max Mhz: 3201, Current Mhz: 2508, Mhz Limit: 3201
Processor Information for processor 12
  Max Mhz: 3201, Current Mhz: 2508, Mhz Limit: 3201
Processor Information for processor 13
  Max Mhz: 3201, Current Mhz: 2508, Mhz Limit: 3201
Processor Information for processor 14
  Max Mhz: 3201, Current Mhz: 2508, Mhz Limit: 3201
Processor Information for processor 15
  Max Mhz: 3201, Current Mhz: 2508, Mhz Limit: 3201

Memory: 4k page, system-wide physical 14020M (712M free)
TotalPageFile size 46020M (AvailPageFile size 5M)
current process WorkingSet (physical memory assigned to process): 278M, peak: 330M
current process commit charge ("private bytes"): 446M, peak: 574M

vm_info: OpenJDK 64-Bit Server VM (23.0.1+11-39) for windows-amd64 JRE (23.0.1+11-39), built on 2024-09-30T07:20:43Z with MS VC++ 17.6 (VS2022)

END.
